---
source: crates/glpv-cli/tests/snapshots.rs
expression: value
---
{
  "schema_version": 1,
  "generated_at": "[timestamp]",
  "tool": {
    "name": "glpv",
    "version": "[version]",
    "args": []
  },
  "scenarios": [
    {
      "id": "push@default",
      "source": "push",
      "git_ref": null,
      "vars": {}
    }
  ],
  "pipelines": [
    {
      "id": "p-cbe95be259861ccd",
      "kind": "root",
      "project": {
        "host": "fixtures.local",
        "path": "fx/legacy",
        "path_lc": "fx/legacy"
      },
      "git_ref": "master",
      "sha": "b971d9a87d618ef89487a425a720b2b429896c8c",
      "config_path": ".gitlab-ci.yml",
      "default_branch": "master",
      "entry_source": 0,
      "stages": [
        ".pre",
        "build",
        "deploy",
        ".post"
      ],
      "jobs": [
        {
          "id": "p-cbe95be259861ccd/compile",
          "name": "compile",
          "stage": "build",
          "needs": [],
          "when": "on_success",
          "allow_failure": {
            "bool": false
          },
          "rules": {
            "mode": "legacy",
            "rules": [
              {
                "span": {
                  "file": 0,
                  "start": [
                    6,
                    9
                  ],
                  "end": [
                    6,
                    19
                  ]
                },
                "legacy": {
                  "only": [
                    "branches"
                  ],
                  "except": [
                    "schedules"
                  ]
                }
              }
            ]
          },
          "provenance": {
            "defined_at": {
              "file": 0,
              "start": [
                3,
                1
              ],
              "end": [
                3,
                8
              ]
            }
          },
          "merged_yaml": "stage: build\nscript:\n  - make\nonly:\n  - branches\nexcept:\n  - schedules\n",
          "evaluations": [
            {
              "scenario_id": "push@default",
              "outcome": "runs",
              "trace": [
                {
                  "index": 0,
                  "result": "matched",
                  "clause": "legacy only/except",
                  "when": "on_success"
                }
              ]
            }
          ]
        },
        {
          "id": "p-cbe95be259861ccd/release",
          "name": "release",
          "stage": "deploy",
          "needs": [],
          "when": "manual",
          "allow_failure": {
            "exit_codes": [
              42,
              137
            ]
          },
          "rules": {
            "mode": "none"
          },
          "provenance": {
            "defined_at": {
              "file": 0,
              "start": [
                9,
                1
              ],
              "end": [
                9,
                8
              ]
            }
          },
          "merged_yaml": "stage: deploy\nwhen: manual\nscript:\n  - make release\nallow_failure:\n  exit_codes:\n    - 42\n    - 137\nneeds: []\n",
          "evaluations": [
            {
              "scenario_id": "push@default",
              "outcome": "manual"
            }
          ]
        },
        {
          "id": "p-cbe95be259861ccd/old-style",
          "name": "old-style",
          "stage": "deploy",
          "needs": [],
          "when": "on_success",
          "allow_failure": {
            "bool": false
          },
          "rules": {
            "mode": "legacy",
            "rules": [
              {
                "span": {
                  "file": 0,
                  "start": [
                    21,
                    5
                  ],
                  "end": [
                    23,
                    1
                  ]
                },
                "legacy": {
                  "only": {
                    "refs": [
                      "main",
                      "/^release-.*$/"
                    ]
                  }
                }
              }
            ]
          },
          "provenance": {
            "defined_at": {
              "file": 0,
              "start": [
                17,
                1
              ],
              "end": [
                17,
                10
              ]
            }
          },
          "merged_yaml": "stage: deploy\nscript:\n  - ship\nonly:\n  refs:\n    - main\n    - /^release-.*$/\n",
          "evaluations": [
            {
              "scenario_id": "push@default",
              "outcome": "skipped",
              "trace": [
                {
                  "index": 0,
                  "result": "no_match",
                  "clause": "legacy only/except",
                  "when": "on_success"
                }
              ]
            }
          ]
        },
        {
          "id": "p-cbe95be259861ccd/var-gated",
          "name": "var-gated",
          "stage": "deploy",
          "needs": [],
          "when": "on_success",
          "allow_failure": {
            "bool": false
          },
          "rules": {
            "mode": "legacy",
            "rules": [
              {
                "span": {
                  "file": 0,
                  "start": [
                    27,
                    5
                  ],
                  "end": [
                    32,
                    1
                  ]
                },
                "legacy": {
                  "only": {
                    "refs": [
                      "branches"
                    ],
                    "variables": [
                      "$DEPLOY == \"yes\"",
                      "$CI_COMMIT_BRANCH == \"master\" && $OTHER"
                    ]
                  }
                }
              }
            ]
          },
          "provenance": {
            "defined_at": {
              "file": 0,
              "start": [
                23,
                1
              ],
              "end": [
                23,
                10
              ]
            }
          },
          "merged_yaml": "stage: deploy\nscript:\n  - deploy\nonly:\n  refs:\n    - branches\n  variables:\n    - $DEPLOY == \"yes\"\n    - $CI_COMMIT_BRANCH == \"master\" && $OTHER\n",
          "evaluations": [
            {
              "scenario_id": "push@default",
              "outcome": "unknown",
              "trace": [
                {
                  "index": 0,
                  "result": "unknown",
                  "clause": "legacy only/except",
                  "when": "on_success",
                  "vars_used": [
                    [
                      "DEPLOY",
                      "unknown"
                    ],
                    [
                      "CI_COMMIT_BRANCH",
                      "\"master\""
                    ],
                    [
                      "OTHER",
                      "unknown"
                    ]
                  ]
                }
              ]
            }
          ]
        },
        {
          "id": "p-cbe95be259861ccd/var-except",
          "name": "var-except",
          "stage": "deploy",
          "needs": [],
          "when": "on_success",
          "allow_failure": {
            "bool": false
          },
          "rules": {
            "mode": "legacy",
            "rules": [
              {
                "span": {
                  "file": 0,
                  "start": [
                    36,
                    5
                  ],
                  "end": [
                    39,
                    1
                  ]
                },
                "legacy": {
                  "except": {
                    "variables": [
                      "$CI_COMMIT_BRANCH == \"master\""
                    ]
                  }
                }
              }
            ]
          },
          "provenance": {
            "defined_at": {
              "file": 0,
              "start": [
                32,
                1
              ],
              "end": [
                32,
                11
              ]
            }
          },
          "merged_yaml": "stage: deploy\nscript:\n  - ship-except\nexcept:\n  variables:\n    - $CI_COMMIT_BRANCH == \"master\"\n",
          "evaluations": [
            {
              "scenario_id": "push@default",
              "outcome": "skipped",
              "trace": [
                {
                  "index": 0,
                  "result": "no_match",
                  "clause": "legacy only/except",
                  "when": "on_success",
                  "vars_used": [
                    [
                      "CI_COMMIT_BRANCH",
                      "\"master\""
                    ]
                  ]
                }
              ]
            }
          ]
        },
        {
          "id": "p-cbe95be259861ccd/change-gated",
          "name": "change-gated",
          "stage": "build",
          "needs": [],
          "when": "on_success",
          "allow_failure": {
            "bool": false
          },
          "rules": {
            "mode": "legacy",
            "rules": [
              {
                "span": {
                  "file": 0,
                  "start": [
                    43,
                    5
                  ],
                  "end": [
                    46,
                    1
                  ]
                },
                "legacy": {
                  "only": {
                    "changes": [
                      "src/**/*"
                    ]
                  }
                }
              }
            ]
          },
          "provenance": {
            "defined_at": {
              "file": 0,
              "start": [
                39,
                1
              ],
              "end": [
                39,
                13
              ]
            }
          },
          "merged_yaml": "stage: build\nscript:\n  - lint\nonly:\n  changes:\n    - src/**/*\n",
          "evaluations": [
            {
              "scenario_id": "push@default",
              "outcome": "unknown",
              "trace": [
                {
                  "index": 0,
                  "result": "unknown",
                  "clause": "legacy only/except",
                  "when": "on_success",
                  "note": "changes: depends on the diff; undecidable statically"
                }
              ]
            }
          ]
        },
        {
          "id": "p-cbe95be259861ccd/k8s-only",
          "name": "k8s-only",
          "stage": "deploy",
          "needs": [],
          "when": "on_success",
          "allow_failure": {
            "bool": false
          },
          "rules": {
            "mode": "legacy",
            "rules": [
              {
                "span": {
                  "file": 0,
                  "start": [
                    50,
                    5
                  ],
                  "end": [
                    51,
                    1
                  ]
                },
                "legacy": {
                  "only": {
                    "kubernetes": "active"
                  }
                }
              }
            ]
          },
          "provenance": {
            "defined_at": {
              "file": 0,
              "start": [
                46,
                1
              ],
              "end": [
                46,
                9
              ]
            }
          },
          "merged_yaml": "stage: deploy\nscript:\n  - kubectl apply\nonly:\n  kubernetes: active\n",
          "evaluations": [
            {
              "scenario_id": "push@default",
              "outcome": "unknown",
              "trace": [
                {
                  "index": 0,
                  "result": "unknown",
                  "clause": "legacy only/except",
                  "when": "on_success",
                  "note": "only/except:kubernetes depends on the project's cluster integration; undecidable"
                }
              ]
            }
          ]
        }
      ],
      "depth": 0,
      "includes": [
        0
      ]
    }
  ],
  "trigger_edges": [],
  "include_files": [
    {
      "file": 0,
      "project": {
        "host": "fixtures.local",
        "path": "fx/legacy",
        "path_lc": "fx/legacy"
      },
      "sha": "b971d9a87d618ef89487a425a720b2b429896c8c",
      "path": ".gitlab-ci.yml",
      "kind": "entry",
      "location": ".gitlab-ci.yml"
    }
  ],
  "include_edges": [],
  "diagnostics": [],
  "sources": [
    {
      "file": 0,
      "project": {
        "host": "fixtures.local",
        "path": "fx/legacy",
        "path_lc": "fx/legacy"
      },
      "sha": "b971d9a87d618ef89487a425a720b2b429896c8c",
      "path": ".gitlab-ci.yml",
      "text": "stages: [build, deploy]\n\ncompile:\n  stage: build\n  script: [make]\n  only: [branches]\n  except: [schedules]\n\nrelease:\n  stage: deploy\n  when: manual\n  script: [make release]\n  allow_failure:\n    exit_codes: [42, 137]\n  needs: []\n\nold-style:\n  stage: deploy\n  script: [ship]\n  only:\n    refs: [main, /^release-.*$/]\n\nvar-gated:\n  stage: deploy\n  script: [deploy]\n  only:\n    refs: [branches]\n    variables:\n      - $DEPLOY == \"yes\"\n      - $CI_COMMIT_BRANCH == \"master\" && $OTHER\n\nvar-except:\n  stage: deploy\n  script: [ship-except]\n  except:\n    variables:\n      - $CI_COMMIT_BRANCH == \"master\"\n\nchange-gated:\n  stage: build\n  script: [lint]\n  only:\n    changes:\n      - src/**/*\n\nk8s-only:\n  stage: deploy\n  script: [kubectl apply]\n  only:\n    kubernetes: active\n"
    }
  ]
}
